// Jest Snapshot v1, https://goo.gl/fbAQLP

exports[`MovieCardList match snapshot 1`] = `
<styled.div>
  <MovieCard
    id="tt4154664"
    key="tt4154664"
    onClick={[Function]}
    picture="https://m.media-amazon.com/images/M/MV5BMTE0YWFmOTMtYTU2ZS00ZTIxLWE3OTEtYTNiYzBkZjViZThiXkEyXkFqcGdeQXVyODMzMzQ4OTI@._V1_SX300.jpg"
    title="Captain Marvel"
    type="movie"
    year="2019"
  />
  <MovieCard
    id="tt3067038"
    key="tt3067038"
    onClick={[Function]}
    picture="https://m.media-amazon.com/images/M/MV5BZDIwZTM4M2QtMWFhYy00N2VmLWFlMjItMzI3NjBjYTc0OTMxXkEyXkFqcGdeQXVyNTE1NjY5Mg@@._V1_SX300.jpg"
    title="Marvel One-Shot: Agent Carter"
    type="movie"
    year="2013"
  />
  <MovieCard
    id="tt3438640"
    key="tt3438640"
    onClick={[Function]}
    picture="https://m.media-amazon.com/images/M/MV5BZGFkMTZkMDQtNzM4Yy00YWEwLTkzOWEtZTMyNDRlNmJhYWJhXkEyXkFqcGdeQXVyNTE1NjY5Mg@@._V1_SX300.jpg"
    title="Marvel One-Shot: All Hail the King"
    type="movie"
    year="2014"
  />
  <MovieCard
    id="tt2247732"
    key="tt2247732"
    onClick={[Function]}
    picture="https://m.media-amazon.com/images/M/MV5BMjNlMzAxNmQtOGEwZi00NTEyLWI0NWYtMTlhNmE2YTA3ZDVhXkEyXkFqcGdeQXVyNTE1NjY5Mg@@._V1_SX300.jpg"
    title="Marvel One-Shot: Item 47"
    type="movie"
    year="2012"
  />
  <MovieCard
    id="tt2011109"
    key="tt2011109"
    onClick={[Function]}
    picture="https://m.media-amazon.com/images/M/MV5BYmVlYTg3N2QtMWM2OS00YWQyLWI2M2MtMDc0ZjBkZjk1MTY3XkEyXkFqcGdeQXVyNTE1NjY5Mg@@._V1_SX300.jpg"
    title="Marvel One-Shot: A Funny Thing Happened on the Way to Thor's Hammer"
    type="movie"
    year="2011"
  />
</styled.div>
`;
