// Jest Snapshot v1, https://goo.gl/fbAQLP

exports[`Badges match snapshot 1`] = `
<div
  className="sc-bdnxRM ksguFW"
/>
`;
