// Jest Snapshot v1, https://goo.gl/fbAQLP

exports[`Input match snapshot 1`] = `
<input
  className="sc-bdnxRM jaMaXq"
/>
`;
